exports[`<Divider /> renders with a color set 1`] = `
<span
  className="divider divider__blue" />
`;

exports[`<Divider /> renders with default props 1`] = `
<span
  className="divider" />
`;
