exports[`<DownChevron /> renders with a scroll To Section 1`] = `
<div
  className="intro-header__chevron">
  <a
    className={undefined}
    duration={800}
    offset={50}
    onClick={[Function bound ]}
    smooth={true}
    spy={true}
    to="main">
    <svg
      className="intro-header__chevron-down"
      fill="currentColor"
      fit={true}
      height="1em"
      preserveAspectRatio="xMidYMid meet"
      style={
        Object {
          "verticalAlign": "middle"
        }
      }
      viewBox="0 0 40 40"
      width="1em">
      <g>
        <path
          d="m37.6 18l-16.6 16.6q-0.4 0.4-1 0.4t-1-0.4l-16.6-16.6q-0.4-0.4-0.4-1t0.4-1l3.7-3.7q0.5-0.4 1-0.4t1 0.4l11.9 11.9 11.9-11.9q0.4-0.4 1-0.4t1 0.4l3.7 3.7q0.4 0.4 0.4 1t-0.4 1z" />
      </g>
    </svg>
  </a>
</div>
`;
